=== Python Virtual Environment ===
Konu: virtualenv
Kaynak: https://www.w3schools.com/python/python_virtualenv.asp

ðŸ“– AÃ‡IKLAMALAR:
1. A virtual environment in Python is an isolated environment on your computer, where you can run and test your Python projects.
2. It allows you to manage project-specific dependencies without interfering with other projects or the original Python installation.
3. Think of a virtual environment as a separate container for each Python project. Each container:
4. Using virtual environments is important because:
5. Python has the built-in venv module for creating virtual environments.

âš ï¸ Ã–NEMLÄ° NOTLAR:
- Note: The virtual environment myfirstproject still exists, it is just not activated.
  If you activate the virtual environment again, you can execute the test.py
  file, and the diagram will be displayed.

ðŸ’» KOD Ã–RNEKLERÄ°:

Ã–rnek 1:
```python
C:\Users\Your Name> python -m venv myfirstproject
```

Ã–rnek 2:
```python
$ python -m venv myfirstproject
```

Ã–rnek 3:
```python
myfirstproject
Â Â Include
Â Â Lib
Â Â Scripts
Â Â .gitignore
Â Â pyvenv.cfg
```

Ã–rnek 4:
```python
C:\Users\Your Name> myfirstproject\Scripts\activate
```

Ã–rnek 5:
```python
$ source myfirstproject/bin/activate
```

Ã–rnek 6:
```python
(myfirstproject) C:\Users\Your Name>
```

Ã–rnek 7:
```python
(myfirstproject) ... $
```

Ã–rnek 8:
```python
(myfirstproject) C:\Users\Your Name> pip install cowsay
```

Ã–rnek 9:
```python
(myfirstproject) ... $ pip install cowsay
```

Ã–rnek 10:
```python
Collecting cowsay
Â Â Downloading cowsay-6.1-py3-none-any.whl.metadata (5.6 kB)
Downloading cowsay-6.1-py3-none-any.whl (25 kB)
Installing collected packages: cowsay
Successfully installed cowsay-6.1

[notice] A new release of pip is available: 25.0.1 -> 25.1.1
[notice] To update, run: python.exe -m pip install --upgrade pip
```

Ã–rnek 11:
```python
import cowsay

cowsay.cow("Good Mooooorning!")
```

Ã–rnek 12:
```python
(myfirstproject) C:\Users\Your Name> python test.py
```

Ã–rnek 13:
```python
(myfirstproject) ... $ python test.py
```

Ã–rnek 14:
```python
_________________
| Good Mooooorning! |
  =================
                 \
                  \
                    ^__^
                    (oo)\_______
                    (__)\       )\/\
                        ||----w |
                        ||     ||
```

Ã–rnek 15:
```python
(myfirstproject) C:\Users\Your Name> deactivate
```

Ã–rnek 16:
```python
(myfirstproject) ... $ deactivate
```

Ã–rnek 17:
```python
C:\Users\Your Name>
```

Ã–rnek 18:
```python
$
```

Ã–rnek 19:
```python
C:\Users\Your Name> python test.py
```

Ã–rnek 20:
```python
$ python test.py
```

Ã–rnek 21:
```python
Traceback (most recent call last):
Â Â File "C:\Users\Your Name\test.py", line 1, in <module>
Â Â Â Â import cowsay
ModuleNotFoundError: No module named 'cowsay'
```

Ã–rnek 22:
```python
C:\Users\Your Name> rmdir /s /q myfirstproject
```

Ã–rnek 23:
```python
$ rm -rf myfirstproject
```

================================================================================

